../Core/Src/bootloader.c:45:6:BL_fetchHostCommand	16	static
../Core/Src/bootloader.c:111:6:BL_Print_Message	112	static
../Core/Src/bootloader.c:125:16:Bootloader_CRC_Verify	40	static
../Core/Src/bootloader.c:149:13:Bootloader_Send_ACK	24	static
../Core/Src/bootloader.c:156:13:Bootloader_Send_NACK	16	static
../Core/Src/bootloader.c:161:13:Bootloader_Get_Version	32	static
../Core/Src/bootloader.c:180:13:Bootloader_Get_Help	16	static
../Core/Src/bootloader.c:184:13:Bootloader_Get_Chip_Identification_Number	16	static
../Core/Src/bootloader.c:188:13:Bootloader_Read_Protection_Level	16	static
../Core/Src/bootloader.c:192:13:Bootloader_Jump_To_Address	16	static
../Core/Src/bootloader.c:196:13:Bootloader_Erase_Flash	16	static
../Core/Src/bootloader.c:200:13:Bootloader_Memory_Write	16	static
../Core/Src/bootloader.c:204:13:Bootloader_Enable_RW_Protection	16	static
../Core/Src/bootloader.c:208:13:Bootloader_Memory_Read	16	static
../Core/Src/bootloader.c:212:13:Bootloader_Get_Sector_Protection_Status	16	static
../Core/Src/bootloader.c:216:13:Bootloader_Read_OTP	16	static
../Core/Src/bootloader.c:220:13:Bootloader_Change_Read_Protection_Level	16	static
../Core/Src/bootloader.c:225:13:Bootloader_Send_Data_To_Host	16	static
../Core/Src/bootloader.c:229:16:Host_Address_Verification	16	static
../Core/Src/bootloader.c:233:16:Perform_Flash_Erase	16	static
