../Core/Src/bootloader.c:63:6:BL_fetchHostCommand	16	static
../Core/Src/bootloader.c:134:6:BL_Print_Message	112	static
../Core/Src/bootloader.c:148:13:Bootloader_Send_Data_To_Host	16	static
../Core/Src/bootloader.c:152:13:Bootloader_Send_ACK	24	static
../Core/Src/bootloader.c:160:13:Bootloader_Send_NACK	16	static
../Core/Src/bootloader.c:166:18:Bootloader_CRC_Verify	40	static
../Core/Src/bootloader.c:185:18:Bootloader_Get_Version	32	static
../Core/Src/bootloader.c:208:18:Bootloader_Get_Help	32	static
../Core/Src/bootloader.c:229:18:Bootloader_Get_Chip_Identification_Number	32	static
../Core/Src/bootloader.c:252:16:Host_Address_Verification	24	static
../Core/Src/bootloader.c:264:18:Bootloader_Jump_To_Address	56	static,ignoring_inline_asm
../Core/Src/bootloader.c:304:13:Bootloader_Erase_Flash	16	static
../Core/Src/bootloader.c:309:13:Bootloader_Memory_Write	16	static
../Core/Src/bootloader.c:313:13:Bootloader_Enable_RW_Protection	16	static
../Core/Src/bootloader.c:317:13:Bootloader_Memory_Read	16	static
../Core/Src/bootloader.c:321:13:Bootloader_Get_Sector_Protection_Status	16	static
../Core/Src/bootloader.c:325:13:Bootloader_Read_OTP	16	static
../Core/Src/bootloader.c:329:13:Bootloader_Change_Read_Protection_Level	16	static
../Core/Src/bootloader.c:335:16:Perform_Flash_Erase	16	static
../Core/Src/bootloader.c:340:13:Bootloader_Read_Protection_Level	16	static
