../Core/Src/bootloader.c:60:13:test	8	static
../Core/Src/bootloader.c:64:6:BL_fetchHostCommand	16	static
../Core/Src/bootloader.c:135:6:BL_Print_Message	112	static
../Core/Src/bootloader.c:150:13:Bootloader_Send_Data_To_Host	16	static
../Core/Src/bootloader.c:154:13:Bootloader_Send_ACK	24	static
../Core/Src/bootloader.c:162:13:Bootloader_Send_NACK	16	static
../Core/Src/bootloader.c:168:18:Bootloader_CRC_Verify	40	static
../Core/Src/bootloader.c:186:18:Bootloader_Get_Version	32	static
../Core/Src/bootloader.c:209:18:Bootloader_Get_Help	32	static
../Core/Src/bootloader.c:230:18:Bootloader_Get_Chip_Identification_Number	32	static
../Core/Src/bootloader.c:253:16:Host_Address_Verification	24	static
../Core/Src/bootloader.c:265:18:Bootloader_Jump_To_Address	40	static
../Core/Src/bootloader.c:299:16:Perform_Flash_Erase	40	static
../Core/Src/bootloader.c:342:18:Bootloader_Erase_Flash	32	static
../Core/Src/bootloader.c:368:18:Bootloader_Write_Data	32	static
../Core/Src/bootloader.c:414:16:FlashMemory_Paylaod_Write	48	static
