../Core/Src/bootloader.c:64:13:test	8	static
../Core/Src/bootloader.c:68:6:BL_fetchHostCommand	16	static
../Core/Src/bootloader.c:139:6:BL_Print_Message	112	static
../Core/Src/bootloader.c:154:13:Bootloader_Send_Data_To_Host	16	static
../Core/Src/bootloader.c:158:13:Bootloader_Send_ACK	24	static
../Core/Src/bootloader.c:166:13:Bootloader_Send_NACK	16	static
../Core/Src/bootloader.c:172:18:Bootloader_CRC_Verify	40	static
../Core/Src/bootloader.c:190:18:Bootloader_Get_Version	32	static
../Core/Src/bootloader.c:213:18:Bootloader_Get_Help	32	static
../Core/Src/bootloader.c:234:18:Bootloader_Get_Chip_Identification_Number	32	static
../Core/Src/bootloader.c:257:16:Host_Address_Verification	24	static
../Core/Src/bootloader.c:269:18:Bootloader_Jump_To_Address	40	static
../Core/Src/bootloader.c:303:16:Perform_Flash_Erase	16	static
../Core/Src/bootloader.c:312:18:Bootloader_Erase_Flash	32	static
../Core/Src/bootloader.c:337:13:Bootloader_Memory_Write	16	static
../Core/Src/bootloader.c:341:13:Bootloader_Enable_RW_Protection	16	static
../Core/Src/bootloader.c:345:13:Bootloader_Memory_Read	16	static
../Core/Src/bootloader.c:349:13:Bootloader_Get_Sector_Protection_Status	16	static
../Core/Src/bootloader.c:353:13:Bootloader_Read_OTP	16	static
../Core/Src/bootloader.c:357:13:Bootloader_Change_Read_Protection_Level	16	static
../Core/Src/bootloader.c:363:13:Bootloader_Read_Protection_Level	16	static
